// Jest Snapshot v1, https://goo.gl/fbAQLP

exports[`Storage.createCookie(clientId, value) returns the stored object when it creates new cookie 1`] = `
Object {
  "body": "{\\"id\\":\\"5c20cccd-55d0-4c11-8c4a-bf4c38fa8588\\",\\"client_id\\":\\"adefe2f4-fe71-4187-809f-c39f20d8f792\\",\\"audience\\":\\"http://localhost/\\",\\"scope\\":\\"limited\\",\\"authenticated\\":true,\\"accessToken\\":\\"eyJhbGciOiJSUzI1NiIsInR5cCI6IkpXVCJ9.eyJzdWIiOiIxMjM0NTY3ODkwIiwibmFtZSI6IkpvaG4gRG9lIiwiYWRtaW4iOnRydWUsImlhdCI6MTUxNjIzOTAyMn0.POstGetfAytaZS82wHcjoTyoqhMyxXiWdR7Nn7A29DNSl0EiXLdwJ6xC6AfgZWF1bOsS_TuYI3OG85AmiExREkrS6tDfTQ2B3WXlrr-wp5AokiRbz3_oB4OxG-W9KcEEbDRcZc0nH3L7LzYptiy1PtAylQGxHTWZXtGz4ht0bAecBgmpdgXMguEIcoqPJ1n3pIWk_dUZegpqx0Lka21H6XxUTxiy8OcaarA8zdnPUnV6AmNP3ecFawIFYdvJB_cm-GvpCSbr8G8y_Mllj8f4x9nBH8pQux89_6gUY618iYv7tuPWBFfEbLxtF2pZS6YC1aSfLQxeNe8djT9YjpvRZA\\",\\"refreshToken\\":\\"SflKxwRJSMeKKF2QT4fwpMeJf36POk6yJV_adQssw5c\\"}",
  "key": "$cryptr-spa-js$.store.adefe2f4-fe71-4187-809f-c39f20d8f792",
}
`;
