// Jest Snapshot v1, https://goo.gl/fbAQLP

exports[`Transaction key(state) returns key 1`] = `"$cryptr-spa-js$.transaction.da2379bc-46b2-4e9e-a7c4-62a891827944"`;
